// Jest Snapshot v1, https://goo.gl/fbAQLP

exports[`Dashboard page testes Should render correctly 1`] = `
<h1>
  Dashboard
</h1>
`;
