// Jest Snapshot v1, https://goo.gl/fbAQLP

exports[`Loading component test suite Should render correctly 1`] = `
<LoadingWrapper>
  <b>
    Mock
  </b>
</LoadingWrapper>
`;
